// Jest Snapshot v1, https://goo.gl/fbAQLP

exports[`ContentContainer should render correctly with no props 1`] = `ReactWrapper {}`;
